Traceback (most recent call last):
  File "C:\Users\user\AppData\Local\Programs\Python\Python313\Lib\site-packages\jupyter_cache\executors\utils.py", line 58, in single_nb_execution
    executenb(
    ~~~~~~~~~^
        nb,
        ^^^
    ...<4 lines>...
        **kwargs,
        ^^^^^^^^^
    )
    ^
  File "C:\Users\user\AppData\Local\Programs\Python\Python313\Lib\site-packages\nbclient\client.py", line 1314, in execute
    return NotebookClient(nb=nb, resources=resources, km=km, **kwargs).execute()
           ~~~~~~~~~~~~~~~~~~~~~~~~~~~~~~~~~~~~~~~~~~~~~~~~~~~~~~~~~~~~~~~~~~~^^
  File "C:\Users\user\AppData\Local\Programs\Python\Python313\Lib\site-packages\jupyter_core\utils\__init__.py", line 165, in wrapped
    return loop.run_until_complete(inner)
           ~~~~~~~~~~~~~~~~~~~~~~~^^^^^^^
  File "C:\Users\user\AppData\Local\Programs\Python\Python313\Lib\asyncio\base_events.py", line 721, in run_until_complete
    return future.result()
           ~~~~~~~~~~~~~^^
  File "C:\Users\user\AppData\Local\Programs\Python\Python313\Lib\site-packages\nbclient\client.py", line 709, in async_execute
    await self.async_execute_cell(
        cell, index, execution_count=self.code_cells_executed + 1
    )
  File "C:\Users\user\AppData\Local\Programs\Python\Python313\Lib\site-packages\nbclient\client.py", line 1062, in async_execute_cell
    await self._check_raise_for_error(cell, cell_index, exec_reply)
  File "C:\Users\user\AppData\Local\Programs\Python\Python313\Lib\site-packages\nbclient\client.py", line 918, in _check_raise_for_error
    raise CellExecutionError.from_cell_and_msg(cell, exec_reply_content)
nbclient.exceptions.CellExecutionError: An error occurred while executing the following cell:
------------------
def crawl_article(url):
    try:
        response = requests.get(url)
        response.raise_for_status()  # Memastikan permintaan berhasil
        soup = BeautifulSoup(response.content, 'html.parser')

        # Mengambil judul
        title_element = soup.find('h1', class_='jeg_post_title')
        title = title_element.get_text(strip=True) if title_element else 'Judul tidak ditemukan'

        # Mengambil Isi
        content_div = soup.find('div', class_='content-inner')
        if content_div:
            paragraphs = content_div.find_all('p')
            content = "\n".join(p.get_text(strip=True) for p in paragraphs)
        else:
            content = 'Isi artikel tidak ditemukan'

        # Mengambil tanggal
        date_div = soup.find('div', class_='jeg_meta_date')
        date_text = date_div.find('a').get_text(strip=True) if date_div else 'Tanggal tidak ditemukan'

        # Mengambil kategori
        category_meta = soup.find('span', class_='breadcrumb_last_link')
        if category_meta:
            category_link = category_meta.find('a')
            category = category_link.get_text(strip=True) if category_link else 'Kategori tidak ditemukan'
        else:
            category = 'Kategori tidak ditemukan'

        return {'Judul': title, 'Isi': content, 'Tanggal': date_text, 'Kategori': category}

    except requests.RequestException as e:
        print(f"Error fetching article: {e}")
        return None

article_url = input("Masukkan URL artikel: ")

# Melakukan crawl pada satu artikel
article = crawl_article(article_url)

# Membuat DataFrame dari dictionary
if article:
    df = pd.DataFrame([article])
    print(df)
else:
    print("Gagal mengambil artikel.")
------------------


[1;31m---------------------------------------------------------------------------[0m
[1;31mStdinNotImplementedError[0m                  Traceback (most recent call last)
Cell [1;32mIn[3], line 37[0m
[0;32m     34[0m         [38;5;28mprint[39m([38;5;124mf[39m[38;5;124m"[39m[38;5;124mError fetching article: [39m[38;5;132;01m{[39;00me[38;5;132;01m}[39;00m[38;5;124m"[39m)
[0;32m     35[0m         [38;5;28;01mreturn[39;00m [38;5;28;01mNone[39;00m
[1;32m---> 37[0m article_url [38;5;241m=[39m [38;5;28;43minput[39;49m[43m([49m[38;5;124;43m"[39;49m[38;5;124;43mMasukkan URL artikel: [39;49m[38;5;124;43m"[39;49m[43m)[49m
[0;32m     39[0m [38;5;66;03m# Melakukan crawl pada satu artikel[39;00m
[0;32m     40[0m article [38;5;241m=[39m crawl_article(article_url)

File [1;32m~\AppData\Local\Programs\Python\Python313\Lib\site-packages\ipykernel\kernelbase.py:1281[0m, in [0;36mKernel.raw_input[1;34m(self, prompt)[0m
[0;32m   1279[0m [38;5;28;01mif[39;00m [38;5;129;01mnot[39;00m [38;5;28mself[39m[38;5;241m.[39m_allow_stdin:
[0;32m   1280[0m     msg [38;5;241m=[39m [38;5;124m"[39m[38;5;124mraw_input was called, but this frontend does not support input requests.[39m[38;5;124m"[39m
[1;32m-> 1281[0m     [38;5;28;01mraise[39;00m StdinNotImplementedError(msg)
[0;32m   1282[0m [38;5;28;01mreturn[39;00m [38;5;28mself[39m[38;5;241m.[39m_input_request(
[0;32m   1283[0m     [38;5;28mstr[39m(prompt),
[0;32m   1284[0m     [38;5;28mself[39m[38;5;241m.[39m_parent_ident[[38;5;124m"[39m[38;5;124mshell[39m[38;5;124m"[39m],
[0;32m   1285[0m     [38;5;28mself[39m[38;5;241m.[39mget_parent([38;5;124m"[39m[38;5;124mshell[39m[38;5;124m"[39m),
[0;32m   1286[0m     password[38;5;241m=[39m[38;5;28;01mFalse[39;00m,
[0;32m   1287[0m )

[1;31mStdinNotImplementedError[0m: raw_input was called, but this frontend does not support input requests.

