Traceback (most recent call last):
  File "C:\Users\user\AppData\Local\Programs\Python\Python313\Lib\site-packages\jupyter_cache\executors\utils.py", line 58, in single_nb_execution
    executenb(
    ~~~~~~~~~^
        nb,
        ^^^
    ...<4 lines>...
        **kwargs,
        ^^^^^^^^^
    )
    ^
  File "C:\Users\user\AppData\Local\Programs\Python\Python313\Lib\site-packages\nbclient\client.py", line 1314, in execute
    return NotebookClient(nb=nb, resources=resources, km=km, **kwargs).execute()
           ~~~~~~~~~~~~~~~~~~~~~~~~~~~~~~~~~~~~~~~~~~~~~~~~~~~~~~~~~~~~~~~~~~~^^
  File "C:\Users\user\AppData\Local\Programs\Python\Python313\Lib\site-packages\jupyter_core\utils\__init__.py", line 165, in wrapped
    return loop.run_until_complete(inner)
           ~~~~~~~~~~~~~~~~~~~~~~~^^^^^^^
  File "C:\Users\user\AppData\Local\Programs\Python\Python313\Lib\asyncio\base_events.py", line 721, in run_until_complete
    return future.result()
           ~~~~~~~~~~~~~^^
  File "C:\Users\user\AppData\Local\Programs\Python\Python313\Lib\site-packages\nbclient\client.py", line 709, in async_execute
    await self.async_execute_cell(
        cell, index, execution_count=self.code_cells_executed + 1
    )
  File "C:\Users\user\AppData\Local\Programs\Python\Python313\Lib\site-packages\nbclient\client.py", line 1062, in async_execute_cell
    await self._check_raise_for_error(cell, cell_index, exec_reply)
  File "C:\Users\user\AppData\Local\Programs\Python\Python313\Lib\site-packages\nbclient\client.py", line 918, in _check_raise_for_error
    raise CellExecutionError.from_cell_and_msg(cell, exec_reply_content)
nbclient.exceptions.CellExecutionError: An error occurred while executing the following cell:
------------------
driver = web_driver()


kategori_urls = ["https://mojok.co/liputan/kuliner/", "https://mojok.co/liputan/kampus/"]
data_list = []
------------------

----- stderr -----
The chromedriver version (128.0.6613.119) detected in PATH at C:\chromedriver\chromedriver.exe might not be compatible with the detected chrome version (131.0.6778.140); currently, chromedriver 131.0.6778.204 is recommended for chrome 131.*, so it is advised to delete the driver in PATH and retry
------------------

[1;31m---------------------------------------------------------------------------[0m
[1;31mSessionNotCreatedException[0m                Traceback (most recent call last)
Cell [1;32mIn[4], line 1[0m
[1;32m----> 1[0m driver [38;5;241m=[39m [43mweb_driver[49m[43m([49m[43m)[49m
[0;32m      4[0m kategori_urls [38;5;241m=[39m [[38;5;124m"[39m[38;5;124mhttps://mojok.co/liputan/kuliner/[39m[38;5;124m"[39m, [38;5;124m"[39m[38;5;124mhttps://mojok.co/liputan/kampus/[39m[38;5;124m"[39m]
[0;32m      5[0m data_list [38;5;241m=[39m []

Cell [1;32mIn[3], line 6[0m, in [0;36mweb_driver[1;34m()[0m
[0;32m      4[0m options[38;5;241m.[39madd_argument([38;5;124m'[39m[38;5;124m--no-sandbox[39m[38;5;124m'[39m)
[0;32m      5[0m options[38;5;241m.[39madd_argument([38;5;124m'[39m[38;5;124m--disable-dev-shm-usage[39m[38;5;124m'[39m)
[1;32m----> 6[0m driver [38;5;241m=[39m [43mwebdriver[49m[38;5;241;43m.[39;49m[43mChrome[49m[43m([49m[43moptions[49m[38;5;241;43m=[39;49m[43moptions[49m[43m)[49m
[0;32m      7[0m [38;5;28;01mreturn[39;00m driver

File [1;32m~\AppData\Local\Programs\Python\Python313\Lib\site-packages\selenium\webdriver\chrome\webdriver.py:45[0m, in [0;36mWebDriver.__init__[1;34m(self, options, service, keep_alive)[0m
[0;32m     42[0m service [38;5;241m=[39m service [38;5;28;01mif[39;00m service [38;5;28;01melse[39;00m Service()
[0;32m     43[0m options [38;5;241m=[39m options [38;5;28;01mif[39;00m options [38;5;28;01melse[39;00m Options()
[1;32m---> 45[0m [38;5;28;43msuper[39;49m[43m([49m[43m)[49m[38;5;241;43m.[39;49m[38;5;21;43m__init__[39;49m[43m([49m
[0;32m     46[0m [43m    [49m[43mbrowser_name[49m[38;5;241;43m=[39;49m[43mDesiredCapabilities[49m[38;5;241;43m.[39;49m[43mCHROME[49m[43m[[49m[38;5;124;43m"[39;49m[38;5;124;43mbrowserName[39;49m[38;5;124;43m"[39;49m[43m][49m[43m,[49m
[0;32m     47[0m [43m    [49m[43mvendor_prefix[49m[38;5;241;43m=[39;49m[38;5;124;43m"[39;49m[38;5;124;43mgoog[39;49m[38;5;124;43m"[39;49m[43m,[49m
[0;32m     48[0m [43m    [49m[43moptions[49m[38;5;241;43m=[39;49m[43moptions[49m[43m,[49m
[0;32m     49[0m [43m    [49m[43mservice[49m[38;5;241;43m=[39;49m[43mservice[49m[43m,[49m
[0;32m     50[0m [43m    [49m[43mkeep_alive[49m[38;5;241;43m=[39;49m[43mkeep_alive[49m[43m,[49m
[0;32m     51[0m [43m[49m[43m)[49m

File [1;32m~\AppData\Local\Programs\Python\Python313\Lib\site-packages\selenium\webdriver\chromium\webdriver.py:66[0m, in [0;36mChromiumDriver.__init__[1;34m(self, browser_name, vendor_prefix, options, service, keep_alive)[0m
[0;32m     57[0m executor [38;5;241m=[39m ChromiumRemoteConnection(
[0;32m     58[0m     remote_server_addr[38;5;241m=[39m[38;5;28mself[39m[38;5;241m.[39mservice[38;5;241m.[39mservice_url,
[0;32m     59[0m     browser_name[38;5;241m=[39mbrowser_name,
[1;32m   (...)[0m
[0;32m     62[0m     ignore_proxy[38;5;241m=[39moptions[38;5;241m.[39m_ignore_local_proxy,
[0;32m     63[0m )
[0;32m     65[0m [38;5;28;01mtry[39;00m:
[1;32m---> 66[0m     [38;5;28;43msuper[39;49m[43m([49m[43m)[49m[38;5;241;43m.[39;49m[38;5;21;43m__init__[39;49m[43m([49m[43mcommand_executor[49m[38;5;241;43m=[39;49m[43mexecutor[49m[43m,[49m[43m [49m[43moptions[49m[38;5;241;43m=[39;49m[43moptions[49m[43m)[49m
[0;32m     67[0m [38;5;28;01mexcept[39;00m [38;5;167;01mException[39;00m:
[0;32m     68[0m     [38;5;28mself[39m[38;5;241m.[39mquit()

File [1;32m~\AppData\Local\Programs\Python\Python313\Lib\site-packages\selenium\webdriver\remote\webdriver.py:241[0m, in [0;36mWebDriver.__init__[1;34m(self, command_executor, keep_alive, file_detector, options, locator_converter, web_element_cls, client_config)[0m
[0;32m    239[0m [38;5;28mself[39m[38;5;241m.[39m_authenticator_id [38;5;241m=[39m [38;5;28;01mNone[39;00m
[0;32m    240[0m [38;5;28mself[39m[38;5;241m.[39mstart_client()
[1;32m--> 241[0m [38;5;28;43mself[39;49m[38;5;241;43m.[39;49m[43mstart_session[49m[43m([49m[43mcapabilities[49m[43m)[49m
[0;32m    242[0m [38;5;28mself[39m[38;5;241m.[39m_fedcm [38;5;241m=[39m FedCM([38;5;28mself[39m)
[0;32m    244[0m [38;5;28mself[39m[38;5;241m.[39m_websocket_connection [38;5;241m=[39m [38;5;28;01mNone[39;00m

File [1;32m~\AppData\Local\Programs\Python\Python313\Lib\site-packages\selenium\webdriver\remote\webdriver.py:329[0m, in [0;36mWebDriver.start_session[1;34m(self, capabilities)[0m
[0;32m    322[0m [38;5;250m[39m[38;5;124;03m"""Creates a new session with the desired capabilities.[39;00m
[0;32m    323[0m 
[0;32m    324[0m [38;5;124;03m:Args:[39;00m
[0;32m    325[0m [38;5;124;03m - capabilities - a capabilities dict to start the session with.[39;00m
[0;32m    326[0m [38;5;124;03m"""[39;00m
[0;32m    328[0m caps [38;5;241m=[39m _create_caps(capabilities)
[1;32m--> 329[0m response [38;5;241m=[39m [38;5;28;43mself[39;49m[38;5;241;43m.[39;49m[43mexecute[49m[43m([49m[43mCommand[49m[38;5;241;43m.[39;49m[43mNEW_SESSION[49m[43m,[49m[43m [49m[43mcaps[49m[43m)[49m[[38;5;124m"[39m[38;5;124mvalue[39m[38;5;124m"[39m]
[0;32m    330[0m [38;5;28mself[39m[38;5;241m.[39msession_id [38;5;241m=[39m response[38;5;241m.[39mget([38;5;124m"[39m[38;5;124msessionId[39m[38;5;124m"[39m)
[0;32m    331[0m [38;5;28mself[39m[38;5;241m.[39mcaps [38;5;241m=[39m response[38;5;241m.[39mget([38;5;124m"[39m[38;5;124mcapabilities[39m[38;5;124m"[39m)

File [1;32m~\AppData\Local\Programs\Python\Python313\Lib\site-packages\selenium\webdriver\remote\webdriver.py:384[0m, in [0;36mWebDriver.execute[1;34m(self, driver_command, params)[0m
[0;32m    382[0m response [38;5;241m=[39m [38;5;28mself[39m[38;5;241m.[39mcommand_executor[38;5;241m.[39mexecute(driver_command, params)
[0;32m    383[0m [38;5;28;01mif[39;00m response:
[1;32m--> 384[0m     [38;5;28;43mself[39;49m[38;5;241;43m.[39;49m[43merror_handler[49m[38;5;241;43m.[39;49m[43mcheck_response[49m[43m([49m[43mresponse[49m[43m)[49m
[0;32m    385[0m     response[[38;5;124m"[39m[38;5;124mvalue[39m[38;5;124m"[39m] [38;5;241m=[39m [38;5;28mself[39m[38;5;241m.[39m_unwrap_value(response[38;5;241m.[39mget([38;5;124m"[39m[38;5;124mvalue[39m[38;5;124m"[39m, [38;5;28;01mNone[39;00m))
[0;32m    386[0m     [38;5;28;01mreturn[39;00m response

File [1;32m~\AppData\Local\Programs\Python\Python313\Lib\site-packages\selenium\webdriver\remote\errorhandler.py:232[0m, in [0;36mErrorHandler.check_response[1;34m(self, response)[0m
[0;32m    230[0m         alert_text [38;5;241m=[39m value[[38;5;124m"[39m[38;5;124malert[39m[38;5;124m"[39m][38;5;241m.[39mget([38;5;124m"[39m[38;5;124mtext[39m[38;5;124m"[39m)
[0;32m    231[0m     [38;5;28;01mraise[39;00m exception_class(message, screen, stacktrace, alert_text)  [38;5;66;03m# type: ignore[call-arg]  # mypy is not smart enough here[39;00m
[1;32m--> 232[0m [38;5;28;01mraise[39;00m exception_class(message, screen, stacktrace)

[1;31mSessionNotCreatedException[0m: Message: session not created: This version of ChromeDriver only supports Chrome version 128
Current browser version is 131.0.6778.140 with binary path C:\Program Files\Google\Chrome\Application\chrome.exe
Stacktrace:
	GetHandleVerifier [0x00007FF75B8CB5D2+29090]
	(No symbol) [0x00007FF75B83E689]
	(No symbol) [0x00007FF75B6FB1CA]
	(No symbol) [0x00007FF75B73D6B2]
	(No symbol) [0x00007FF75B73C751]
	(No symbol) [0x00007FF75B73729C]
	(No symbol) [0x00007FF75B731E0A]
	(No symbol) [0x00007FF75B78236D]
	(No symbol) [0x00007FF75B781A20]
	(No symbol) [0x00007FF75B776493]
	(No symbol) [0x00007FF75B7409B1]
	(No symbol) [0x00007FF75B741B11]
	GetHandleVerifier [0x00007FF75BBE8C5D+3295277]
	GetHandleVerifier [0x00007FF75BC34843+3605523]
	GetHandleVerifier [0x00007FF75BC2A707+3564247]
	GetHandleVerifier [0x00007FF75B986EB6+797318]
	(No symbol) [0x00007FF75B84980F]
	(No symbol) [0x00007FF75B8453F4]
	(No symbol) [0x00007FF75B845580]
	(No symbol) [0x00007FF75B834A1F]
	BaseThreadInitThunk [0x00007FFEFB63259D+29]
	RtlUserThreadStart [0x00007FFEFBF6AF38+40]


